// Jest Snapshot v1, https://jestjs.io/docs/snapshot-testing

exports[`home herp section display the home hero section: <section className="bg-hero-pattern bg-no-repeat bg-center mt-5 xl:mt-20 xl:bg-left">\\n          <div className="container flex flex-col-reverse  items-center xl:flex-row">\\n            <div className="flex flex-col gap-5 mt-12 pb-5 text-center xl:text-right">\\n              <h3 className="text-xl dark:text-info xl:text-2xl">\\n                خوش آمدی به ...\\n              </h3>\\n              <h1 className="text-3xl font-black gradient lg:text-3xl xl:text-5xl">\\n                مسیر صعود به قله های برنامه نویسی\\n              </h1>\\n              <p>\\n                هر جای مسیرِ برنامه‌نویسی که باشی، با هم‌راهی استادهای باتجربهٔ\\n                کلاسبن می‌تونی بدون محدودیت به قله‌های بالاتر صعود کنی. ما همیشه\\n                هواتو داریم.\\n              </p>\\n              <div className="mt-5 flex gap-4">\\n                <Button variant="primary" size="large">\\n                  دوره های ری اکت و نکست\\n                </Button>\\n                <Button variant="neutral" size="large">\\n                  مشاوره برنامه نویسی\\n                </Button>\\n              </div>\\n              <Image\\n                className="grayscale mt-4 opacity-70 m-auto xl:m-0"\\n                src="/images/frameworks.png"\\n                width={412}\\n                height={39}\\n                alt=""\\n              />\\n            </div>\\n            <Image\\n              src="/images/programmer-landing.svg"\\n              width={702}\\n              height={521}\\n              alt="کلاسبن"\\n            />\\n          </div>\\n        </section> 1`] = `
<div>
  <section
    class="bg-hero-pattern bg-no-repeat bg-center mt-5 xl:mt-20 xl:bg-left"
  >
    <div
      class="container flex flex-col-reverse  items-center xl:flex-row"
    >
      <div
        class="flex flex-col gap-5 mt-12 pb-5 text-center xl:text-right"
      >
        <h3
          class="text-xl dark:text-info xl:text-2xl"
        >
          خوش آمدی به ...
        </h3>
        <h1
          class="text-3xl font-black gradient lg:text-3xl xl:text-5xl"
        >
          مسیر صعود به قله های برنامه نویسی
        </h1>
        <p>
          هر جای مسیرِ برنامه‌نویسی که باشی، با هم‌راهی استادهای باتجربهٔ کلاسبن می‌تونی بدون محدودیت به قله‌های بالاتر صعود کنی. ما همیشه هواتو داریم.
        </p>
        <div
          class="mt-5 flex gap-4"
        >
          <button
            class="btn btn-primary btn-lg"
            type="button"
          >
            دوره های ری اکت و نکست
          </button>
          <button
            class="btn btn-neutral btn-lg"
            type="button"
          >
            مشاوره برنامه نویسی
          </button>
        </div>
        <img
          alt=""
          class="grayscale mt-4 opacity-70 m-auto xl:m-0"
          data-nimg="1"
          decoding="async"
          height="39"
          loading="lazy"
          src="/_next/image?url=%2Fimages%2Fframeworks.png&w=828&q=75"
          srcset="/_next/image?url=%2Fimages%2Fframeworks.png&w=640&q=75 1x, /_next/image?url=%2Fimages%2Fframeworks.png&w=828&q=75 2x"
          style="color: transparent;"
          width="412"
        />
      </div>
      <img
        alt="کلاسبن"
        data-nimg="1"
        decoding="async"
        height="521"
        loading="lazy"
        src="/images/programmer-landing.svg"
        style="color: transparent;"
        width="702"
      />
    </div>
  </section>
</div>
`;
